Archive member included to satisfy reference by file (symbol)

/Users/majid/repos/logue-sdk/tools/gcc/gcc-arm-none-eabi-10.3-2021.10/bin/../lib/gcc/arm-none-eabi/10.3.1/../../../../arm-none-eabi/lib/thumb/v7e-m+fp/hard/libc_nano.a(lib_a-memset.o)
                              /Users/majid/repos/NTS-1_Binaries/Lyre-1-mkii/build/obj/unit.o (memset)

Memory Configuration

Name             Origin             Length             Attributes
*default*        0x0000000000000000 0xffffffffffffffff

Linker script and memory map

LOAD /Users/majid/repos/NTS-1_Binaries/Lyre-1-mkii/build/obj/header.o
LOAD /Users/majid/repos/NTS-1_Binaries/Lyre-1-mkii/build/obj/_unit_base.o
LOAD /Users/majid/repos/NTS-1_Binaries/Lyre-1-mkii/build/obj/unit.o
LOAD /Users/majid/repos/NTS-1_Binaries/Lyre-1-mkii/build/obj/Lyre.o
                0x0000000000000000                __heap_size = 0x0
                0x0000000000000000                __stack_size = 0x0
                0x00000000000000d4                . = SIZEOF_HEADERS

.hash           0x00000000000000d4      0x160
 *(.hash)
 .hash          0x00000000000000d4      0x160 /Users/majid/repos/NTS-1_Binaries/Lyre-1-mkii/build/obj/header.o

.dynsym         0x0000000000000234      0x310
 *(.dynsym)
 .dynsym        0x0000000000000234      0x310 /Users/majid/repos/NTS-1_Binaries/Lyre-1-mkii/build/obj/header.o

.dynstr         0x0000000000000544      0x244
 *(.dynstr)
 .dynstr        0x0000000000000544      0x244 /Users/majid/repos/NTS-1_Binaries/Lyre-1-mkii/build/obj/header.o

.rel.dyn        0x0000000000000788       0x38
 *(.rel.dyn)
 .rel.got       0x0000000000000788       0x30 /Users/majid/repos/NTS-1_Binaries/Lyre-1-mkii/build/obj/header.o
 .rel.iplt      0x00000000000007b8        0x0 /Users/majid/repos/NTS-1_Binaries/Lyre-1-mkii/build/obj/header.o
 .rel.init_array
                0x00000000000007b8        0x8 /Users/majid/repos/NTS-1_Binaries/Lyre-1-mkii/build/obj/header.o

.rel.plt        0x00000000000007c0       0x50
 *(.rel.plt)
 .rel.plt       0x00000000000007c0       0x50 /Users/majid/repos/NTS-1_Binaries/Lyre-1-mkii/build/obj/header.o

.text           0x0000000000000810      0x724
 *(.text)
 .text          0x0000000000000810        0x0 /Users/majid/repos/NTS-1_Binaries/Lyre-1-mkii/build/obj/header.o
 .text          0x0000000000000810       0x2a /Users/majid/repos/NTS-1_Binaries/Lyre-1-mkii/build/obj/_unit_base.o
 *fill*         0x000000000000083a        0x2 
 .text          0x000000000000083c      0x210 /Users/majid/repos/NTS-1_Binaries/Lyre-1-mkii/build/obj/unit.o
                0x0000000000000874                _hook_mute
                0x0000000000000876                _hook_value
                0x000000000000087a                unit_teardown
                0x0000000000000888                unit_reset
                0x000000000000088a                unit_resume
                0x000000000000088c                unit_suspend
                0x000000000000088e                unit_render
                0x00000000000008e0                unit_set_param_value
                0x0000000000000940                unit_init
                0x00000000000009bc                unit_get_param_value
                0x00000000000009d8                unit_get_param_str_value
                0x00000000000009dc                unit_note_on
                0x00000000000009fa                unit_note_off
                0x0000000000000a18                unit_all_note_off
                0x0000000000000a2e                unit_set_tempo
                0x0000000000000a30                unit_tempo_4ppqn_tick
                0x0000000000000a32                unit_pitch_bend
                0x0000000000000a3a                unit_channel_pressure
                0x0000000000000a42                unit_aftertouch
 .text          0x0000000000000a4c      0x4c0 /Users/majid/repos/NTS-1_Binaries/Lyre-1-mkii/build/obj/Lyre.o
                0x0000000000000a4c                _hook_init
                0x0000000000000a78                hyperLFO()
                0x0000000000000ad8                _hook_cycle
                0x0000000000000e48                _hook_on
                0x0000000000000e4a                _hook_off
                0x0000000000000e4c                _hook_param
 .text          0x0000000000000f0c        0x0 /Users/majid/repos/logue-sdk/tools/gcc/gcc-arm-none-eabi-10.3-2021.10/bin/../lib/gcc/arm-none-eabi/10.3.1/../../../../arm-none-eabi/lib/thumb/v7e-m+fp/hard/libc_nano.a(lib_a-memset.o)
 *(.text.*)
 .text.startup  0x0000000000000f0c       0x18 /Users/majid/repos/NTS-1_Binaries/Lyre-1-mkii/build/obj/Lyre.o
 .text.memset   0x0000000000000f24       0x10 /Users/majid/repos/logue-sdk/tools/gcc/gcc-arm-none-eabi-10.3-2021.10/bin/../lib/gcc/arm-none-eabi/10.3.1/../../../../arm-none-eabi/lib/thumb/v7e-m+fp/hard/libc_nano.a(lib_a-memset.o)
                0x0000000000000f24                memset
 *(.init)
 *(.fini)
 *crtbegin.o(.ctors)
 *crtbegin?.o(.ctors)
 *(EXCLUDE_FILE(*crtend.o *crtend?.o) .ctors)
 *(SORT_BY_NAME(.ctors.*))
 *(.ctors)
 *(.rodata)
 *(.rodata.*)

.glue_7         0x0000000000000f34        0x0
 .glue_7        0x0000000000000f34        0x0 linker stubs

.glue_7t        0x0000000000000f34        0x0
 .glue_7t       0x0000000000000f34        0x0 linker stubs

.vfp11_veneer   0x0000000000000f34        0x0
 .vfp11_veneer  0x0000000000000f34        0x0 linker stubs

.v4_bx          0x0000000000000f34        0x0
 .v4_bx         0x0000000000000f34        0x0 linker stubs

.plt            0x0000000000000f34       0xb0
 .plt           0x0000000000000f34       0xb0 /Users/majid/repos/NTS-1_Binaries/Lyre-1-mkii/build/obj/header.o

.iplt           0x0000000000000fe4        0x0
 .iplt          0x0000000000000fe4        0x0 /Users/majid/repos/NTS-1_Binaries/Lyre-1-mkii/build/obj/header.o

.unit_header    0x0000000000000fe8      0x330
                0x0000000000000fe8                . = ALIGN (0x8)
 *(.unit_header)
 .unit_header   0x0000000000000fe8      0x198 /Users/majid/repos/NTS-1_Binaries/Lyre-1-mkii/build/obj/header.o
                0x0000000000000fe8                unit_header
 .unit_header   0x0000000000001180      0x198 /Users/majid/repos/NTS-1_Binaries/Lyre-1-mkii/build/obj/_unit_base.o

.gnu.version_d  0x0000000000001318        0x0
 .gnu.version_d
                0x0000000000001318        0x0 /Users/majid/repos/NTS-1_Binaries/Lyre-1-mkii/build/obj/header.o

.gnu.version    0x0000000000001318        0x0
 .gnu.version   0x0000000000001318        0x0 /Users/majid/repos/NTS-1_Binaries/Lyre-1-mkii/build/obj/header.o

.gnu.version_r  0x0000000000001318        0x0
 .gnu.version_r
                0x0000000000001318        0x0 /Users/majid/repos/NTS-1_Binaries/Lyre-1-mkii/build/obj/header.o

.preinit_array  0x0000000000001318        0x0
                0x0000000000001318                . = ALIGN (0x4)
                [!provide]                        PROVIDE (__preinit_array_start = .)
 *(.preinit_array)
                [!provide]                        PROVIDE (__preinit_array_end = .)

.init_array     0x0000000000001318        0x4
                0x0000000000001318                . = ALIGN (0x4)
                [!provide]                        PROVIDE (__init_array_start = .)
 *(SORT_BY_INIT_PRIORITY(.init_array.*))
 *(.init_array)
 .init_array    0x0000000000001318        0x4 /Users/majid/repos/NTS-1_Binaries/Lyre-1-mkii/build/obj/Lyre.o
                [!provide]                        PROVIDE (__init_array_end = .)

.dynamic        0x0000000000001320       0xa0
                0x0000000000001320                . = ALIGN (0x8)
 *(.dynamic)
 .dynamic       0x0000000000001320       0xa0 /Users/majid/repos/NTS-1_Binaries/Lyre-1-mkii/build/obj/header.o
                0x0000000000001320                _DYNAMIC

.got            0x00000000000013c0       0x4c
 *(.got.plt)
 .got.plt       0x00000000000013c0       0x34 /Users/majid/repos/NTS-1_Binaries/Lyre-1-mkii/build/obj/header.o
                0x00000000000013c0                _GLOBAL_OFFSET_TABLE_
 *(.igot.plt)
 .igot.plt      0x00000000000013f4        0x0 /Users/majid/repos/NTS-1_Binaries/Lyre-1-mkii/build/obj/header.o
 *(.got)
 .got           0x00000000000013f4       0x18 /Users/majid/repos/NTS-1_Binaries/Lyre-1-mkii/build/obj/header.o
 *(.igot)

.data           0x000000000000140c        0x0
                0x000000000000140c                . = ALIGN (0x4)
                0x000000000000140c                __data_start__ = .
 *(vtable)
 *(.data)
 .data          0x000000000000140c        0x0 /Users/majid/repos/NTS-1_Binaries/Lyre-1-mkii/build/obj/header.o
 .data          0x000000000000140c        0x0 /Users/majid/repos/NTS-1_Binaries/Lyre-1-mkii/build/obj/_unit_base.o
 .data          0x000000000000140c        0x0 /Users/majid/repos/NTS-1_Binaries/Lyre-1-mkii/build/obj/unit.o
 .data          0x000000000000140c        0x0 /Users/majid/repos/NTS-1_Binaries/Lyre-1-mkii/build/obj/Lyre.o
 .data          0x000000000000140c        0x0 /Users/majid/repos/logue-sdk/tools/gcc/gcc-arm-none-eabi-10.3-2021.10/bin/../lib/gcc/arm-none-eabi/10.3.1/../../../../arm-none-eabi/lib/thumb/v7e-m+fp/hard/libc_nano.a(lib_a-memset.o)
 *(.data.*)
 .data.rel.ro   0x000000000000140c        0x0 /Users/majid/repos/NTS-1_Binaries/Lyre-1-mkii/build/obj/header.o
                0x000000000000140c                . = ALIGN (0x4)
                0x000000000000140c                __data_end__ = .

.bss            0x000000000000140c      0x180
                0x000000000000140c                . = ALIGN (0x4)
                0x000000000000140c                __bss_start__ = .
 *(.bss)
 .bss           0x000000000000140c        0x0 /Users/majid/repos/NTS-1_Binaries/Lyre-1-mkii/build/obj/header.o
 .bss           0x000000000000140c        0x0 /Users/majid/repos/NTS-1_Binaries/Lyre-1-mkii/build/obj/_unit_base.o
 .bss           0x000000000000140c      0x12c /Users/majid/repos/NTS-1_Binaries/Lyre-1-mkii/build/obj/unit.o
 .bss           0x0000000000001538       0x54 /Users/majid/repos/NTS-1_Binaries/Lyre-1-mkii/build/obj/Lyre.o
                0x0000000000001580                lfoShape
                0x0000000000001584                lfo2_out
                0x0000000000001588                lfo_out
 .bss           0x000000000000158c        0x0 /Users/majid/repos/logue-sdk/tools/gcc/gcc-arm-none-eabi-10.3-2021.10/bin/../lib/gcc/arm-none-eabi/10.3.1/../../../../arm-none-eabi/lib/thumb/v7e-m+fp/hard/libc_nano.a(lib_a-memset.o)
 *(.bss.*)
 *(COMMON)
                0x000000000000158c                . = ALIGN (0x4)
                0x000000000000158c                __bss_end__ = .

.dynbss         0x000000000000158c        0x0
 .dynbss        0x000000000000158c        0x0 /Users/majid/repos/NTS-1_Binaries/Lyre-1-mkii/build/obj/header.o

.stack          0x0000000000001590        0x4
                0x0000000000001590                . = ALIGN (0x10)
                0x0000000000001590                __HEAP = .
                0x0000000000001590                _end = .
                0x0000000000001590                end = .
                0x0000000000001590                . = (. + __heap_size)
                0x0000000000001590                __HEAP_END = .
                0x0000000000001590                _stack_end = .
                0x0000000000001590                . = (. + __stack_size)
                0x0000000000001590                _stack_addr = .
                0x0000000000001590                __stack = .
                0x0000000000001590                __SP_INIT = .
                0x0000000000001594                . = (. + 0x4)
 *fill*         0x0000000000001590        0x4 

/DISCARD/
 *(.fini_array.* .fini_array .dtors.* .dtors)
 *(.note.GNU-stack)
 *(.gnu_debuglink)
 *(.gnu.lto_*)
LOAD /Users/majid/repos/logue-sdk/tools/gcc/gcc-arm-none-eabi-10.3-2021.10/bin/../lib/gcc/arm-none-eabi/10.3.1/../../../../arm-none-eabi/lib/thumb/v7e-m+fp/hard/libc_nano.a
LOAD /Users/majid/repos/logue-sdk/tools/gcc/gcc-arm-none-eabi-10.3-2021.10/bin/../lib/gcc/arm-none-eabi/10.3.1/../../../../arm-none-eabi/lib/thumb/v7e-m+fp/hard/libm.a
START GROUP
LOAD /Users/majid/repos/logue-sdk/tools/gcc/gcc-arm-none-eabi-10.3-2021.10/bin/../lib/gcc/arm-none-eabi/10.3.1/thumb/v7e-m+fp/hard/libgcc.a
END GROUP
START GROUP
LOAD /Users/majid/repos/logue-sdk/tools/gcc/gcc-arm-none-eabi-10.3-2021.10/bin/../lib/gcc/arm-none-eabi/10.3.1/thumb/v7e-m+fp/hard/libgcc.a
LOAD /Users/majid/repos/logue-sdk/tools/gcc/gcc-arm-none-eabi-10.3-2021.10/bin/../lib/gcc/arm-none-eabi/10.3.1/../../../../arm-none-eabi/lib/thumb/v7e-m+fp/hard/libc_nano.a
LOAD /Users/majid/repos/logue-sdk/tools/gcc/gcc-arm-none-eabi-10.3-2021.10/bin/../lib/gcc/arm-none-eabi/10.3.1/../../../../arm-none-eabi/lib/thumb/v7e-m+fp/hard/libnosys.a
END GROUP
START GROUP
LOAD /Users/majid/repos/logue-sdk/tools/gcc/gcc-arm-none-eabi-10.3-2021.10/bin/../lib/gcc/arm-none-eabi/10.3.1/thumb/v7e-m+fp/hard/libgcc.a
LOAD /Users/majid/repos/logue-sdk/tools/gcc/gcc-arm-none-eabi-10.3-2021.10/bin/../lib/gcc/arm-none-eabi/10.3.1/../../../../arm-none-eabi/lib/thumb/v7e-m+fp/hard/libc_nano.a
LOAD /Users/majid/repos/logue-sdk/tools/gcc/gcc-arm-none-eabi-10.3-2021.10/bin/../lib/gcc/arm-none-eabi/10.3.1/../../../../arm-none-eabi/lib/thumb/v7e-m+fp/hard/libnosys.a
END GROUP
OUTPUT(/Users/majid/repos/NTS-1_Binaries/Lyre-1-mkii/build/Lyre-1.elf elf32-littlearm)
LOAD linker stubs

.debug_info     0x0000000000000000     0x5aa2
 .debug_info    0x0000000000000000      0x3d4 /Users/majid/repos/NTS-1_Binaries/Lyre-1-mkii/build/obj/header.o
 .debug_info    0x00000000000003d4      0x7bd /Users/majid/repos/NTS-1_Binaries/Lyre-1-mkii/build/obj/_unit_base.o
 .debug_info    0x0000000000000b91     0x27c1 /Users/majid/repos/NTS-1_Binaries/Lyre-1-mkii/build/obj/unit.o
 .debug_info    0x0000000000003352     0x2750 /Users/majid/repos/NTS-1_Binaries/Lyre-1-mkii/build/obj/Lyre.o

.debug_abbrev   0x0000000000000000      0xe69
 .debug_abbrev  0x0000000000000000      0x11b /Users/majid/repos/NTS-1_Binaries/Lyre-1-mkii/build/obj/header.o
 .debug_abbrev  0x000000000000011b      0x2d4 /Users/majid/repos/NTS-1_Binaries/Lyre-1-mkii/build/obj/_unit_base.o
 .debug_abbrev  0x00000000000003ef      0x558 /Users/majid/repos/NTS-1_Binaries/Lyre-1-mkii/build/obj/unit.o
 .debug_abbrev  0x0000000000000947      0x522 /Users/majid/repos/NTS-1_Binaries/Lyre-1-mkii/build/obj/Lyre.o

.debug_aranges  0x0000000000000000       0x80
 .debug_aranges
                0x0000000000000000       0x18 /Users/majid/repos/NTS-1_Binaries/Lyre-1-mkii/build/obj/header.o
 .debug_aranges
                0x0000000000000018       0x20 /Users/majid/repos/NTS-1_Binaries/Lyre-1-mkii/build/obj/_unit_base.o
 .debug_aranges
                0x0000000000000038       0x20 /Users/majid/repos/NTS-1_Binaries/Lyre-1-mkii/build/obj/unit.o
 .debug_aranges
                0x0000000000000058       0x28 /Users/majid/repos/NTS-1_Binaries/Lyre-1-mkii/build/obj/Lyre.o

.debug_line     0x0000000000000000     0x18dd
 .debug_line    0x0000000000000000      0x18f /Users/majid/repos/NTS-1_Binaries/Lyre-1-mkii/build/obj/header.o
 .debug_line    0x000000000000018f      0x2a5 /Users/majid/repos/NTS-1_Binaries/Lyre-1-mkii/build/obj/_unit_base.o
 .debug_line    0x0000000000000434      0x875 /Users/majid/repos/NTS-1_Binaries/Lyre-1-mkii/build/obj/unit.o
 .debug_line    0x0000000000000ca9      0xc34 /Users/majid/repos/NTS-1_Binaries/Lyre-1-mkii/build/obj/Lyre.o

.debug_str      0x0000000000000000     0x1efe
 .debug_str     0x0000000000000000      0x67e /Users/majid/repos/NTS-1_Binaries/Lyre-1-mkii/build/obj/header.o
                                        0x6fc (size before relaxing)
 .debug_str     0x000000000000067e      0x336 /Users/majid/repos/NTS-1_Binaries/Lyre-1-mkii/build/obj/_unit_base.o
                                        0x85b (size before relaxing)
 .debug_str     0x00000000000009b4      0xf49 /Users/majid/repos/NTS-1_Binaries/Lyre-1-mkii/build/obj/unit.o
                                       0x159b (size before relaxing)
 .debug_str     0x00000000000018fd      0x601 /Users/majid/repos/NTS-1_Binaries/Lyre-1-mkii/build/obj/Lyre.o
                                       0x13e2 (size before relaxing)

.comment        0x0000000000000000       0x49
 .comment       0x0000000000000000       0x49 /Users/majid/repos/NTS-1_Binaries/Lyre-1-mkii/build/obj/header.o
                                         0x4a (size before relaxing)
 .comment       0x0000000000000049       0x4a /Users/majid/repos/NTS-1_Binaries/Lyre-1-mkii/build/obj/_unit_base.o
 .comment       0x0000000000000049       0x4a /Users/majid/repos/NTS-1_Binaries/Lyre-1-mkii/build/obj/unit.o
 .comment       0x0000000000000049       0x4a /Users/majid/repos/NTS-1_Binaries/Lyre-1-mkii/build/obj/Lyre.o

.ARM.attributes
                0x0000000000000000       0x34
 .ARM.attributes
                0x0000000000000000       0x34 /Users/majid/repos/NTS-1_Binaries/Lyre-1-mkii/build/obj/header.o
 .ARM.attributes
                0x0000000000000034       0x34 /Users/majid/repos/NTS-1_Binaries/Lyre-1-mkii/build/obj/_unit_base.o
 .ARM.attributes
                0x0000000000000068       0x34 /Users/majid/repos/NTS-1_Binaries/Lyre-1-mkii/build/obj/unit.o
 .ARM.attributes
                0x000000000000009c       0x34 /Users/majid/repos/NTS-1_Binaries/Lyre-1-mkii/build/obj/Lyre.o
 .ARM.attributes
                0x00000000000000d0       0x34 /Users/majid/repos/logue-sdk/tools/gcc/gcc-arm-none-eabi-10.3-2021.10/bin/../lib/gcc/arm-none-eabi/10.3.1/../../../../arm-none-eabi/lib/thumb/v7e-m+fp/hard/libc_nano.a(lib_a-memset.o)

.debug_loc      0x0000000000000000      0xf77
 .debug_loc     0x0000000000000000       0x6f /Users/majid/repos/NTS-1_Binaries/Lyre-1-mkii/build/obj/_unit_base.o
 .debug_loc     0x000000000000006f      0x5a5 /Users/majid/repos/NTS-1_Binaries/Lyre-1-mkii/build/obj/unit.o
 .debug_loc     0x0000000000000614      0x963 /Users/majid/repos/NTS-1_Binaries/Lyre-1-mkii/build/obj/Lyre.o

.debug_frame    0x0000000000000000      0x438
 .debug_frame   0x0000000000000000      0x120 /Users/majid/repos/NTS-1_Binaries/Lyre-1-mkii/build/obj/_unit_base.o
 .debug_frame   0x0000000000000120      0x210 /Users/majid/repos/NTS-1_Binaries/Lyre-1-mkii/build/obj/unit.o
 .debug_frame   0x0000000000000330       0xe8 /Users/majid/repos/NTS-1_Binaries/Lyre-1-mkii/build/obj/Lyre.o
 .debug_frame   0x0000000000000418       0x20 /Users/majid/repos/logue-sdk/tools/gcc/gcc-arm-none-eabi-10.3-2021.10/bin/../lib/gcc/arm-none-eabi/10.3.1/../../../../arm-none-eabi/lib/thumb/v7e-m+fp/hard/libc_nano.a(lib_a-memset.o)

.debug_ranges   0x0000000000000000      0x338
 .debug_ranges  0x0000000000000000       0x60 /Users/majid/repos/NTS-1_Binaries/Lyre-1-mkii/build/obj/unit.o
 .debug_ranges  0x0000000000000060      0x2d8 /Users/majid/repos/NTS-1_Binaries/Lyre-1-mkii/build/obj/Lyre.o

Cross Reference Table

Symbol                                            File
_DYNAMIC                                          /Users/majid/repos/NTS-1_Binaries/Lyre-1-mkii/build/obj/header.o
_GLOBAL_OFFSET_TABLE_                             /Users/majid/repos/NTS-1_Binaries/Lyre-1-mkii/build/obj/header.o
                                                  /Users/majid/repos/NTS-1_Binaries/Lyre-1-mkii/build/obj/Lyre.o
                                                  /Users/majid/repos/NTS-1_Binaries/Lyre-1-mkii/build/obj/unit.o
_hook_cycle                                       /Users/majid/repos/NTS-1_Binaries/Lyre-1-mkii/build/obj/Lyre.o
                                                  /Users/majid/repos/NTS-1_Binaries/Lyre-1-mkii/build/obj/unit.o
_hook_init                                        /Users/majid/repos/NTS-1_Binaries/Lyre-1-mkii/build/obj/Lyre.o
                                                  /Users/majid/repos/NTS-1_Binaries/Lyre-1-mkii/build/obj/unit.o
_hook_mute                                        /Users/majid/repos/NTS-1_Binaries/Lyre-1-mkii/build/obj/unit.o
_hook_off                                         /Users/majid/repos/NTS-1_Binaries/Lyre-1-mkii/build/obj/Lyre.o
                                                  /Users/majid/repos/NTS-1_Binaries/Lyre-1-mkii/build/obj/unit.o
_hook_on                                          /Users/majid/repos/NTS-1_Binaries/Lyre-1-mkii/build/obj/Lyre.o
                                                  /Users/majid/repos/NTS-1_Binaries/Lyre-1-mkii/build/obj/unit.o
_hook_param                                       /Users/majid/repos/NTS-1_Binaries/Lyre-1-mkii/build/obj/Lyre.o
                                                  /Users/majid/repos/NTS-1_Binaries/Lyre-1-mkii/build/obj/unit.o
_hook_value                                       /Users/majid/repos/NTS-1_Binaries/Lyre-1-mkii/build/obj/unit.o
hyperLFO()                                        /Users/majid/repos/NTS-1_Binaries/Lyre-1-mkii/build/obj/Lyre.o
lfo2_out                                          /Users/majid/repos/NTS-1_Binaries/Lyre-1-mkii/build/obj/Lyre.o
lfoShape                                          /Users/majid/repos/NTS-1_Binaries/Lyre-1-mkii/build/obj/Lyre.o
lfo_out                                           /Users/majid/repos/NTS-1_Binaries/Lyre-1-mkii/build/obj/Lyre.o
memset                                            /Users/majid/repos/logue-sdk/tools/gcc/gcc-arm-none-eabi-10.3-2021.10/bin/../lib/gcc/arm-none-eabi/10.3.1/../../../../arm-none-eabi/lib/thumb/v7e-m+fp/hard/libc_nano.a(lib_a-memset.o)
                                                  /Users/majid/repos/NTS-1_Binaries/Lyre-1-mkii/build/obj/unit.o
midi_to_hz_lut_f                                  /Users/majid/repos/NTS-1_Binaries/Lyre-1-mkii/build/obj/Lyre.o
unit_aftertouch                                   /Users/majid/repos/NTS-1_Binaries/Lyre-1-mkii/build/obj/unit.o
                                                  /Users/majid/repos/NTS-1_Binaries/Lyre-1-mkii/build/obj/_unit_base.o
unit_all_note_off                                 /Users/majid/repos/NTS-1_Binaries/Lyre-1-mkii/build/obj/unit.o
                                                  /Users/majid/repos/NTS-1_Binaries/Lyre-1-mkii/build/obj/_unit_base.o
unit_channel_pressure                             /Users/majid/repos/NTS-1_Binaries/Lyre-1-mkii/build/obj/unit.o
                                                  /Users/majid/repos/NTS-1_Binaries/Lyre-1-mkii/build/obj/_unit_base.o
unit_get_param_str_value                          /Users/majid/repos/NTS-1_Binaries/Lyre-1-mkii/build/obj/unit.o
                                                  /Users/majid/repos/NTS-1_Binaries/Lyre-1-mkii/build/obj/_unit_base.o
unit_get_param_value                              /Users/majid/repos/NTS-1_Binaries/Lyre-1-mkii/build/obj/unit.o
                                                  /Users/majid/repos/NTS-1_Binaries/Lyre-1-mkii/build/obj/_unit_base.o
unit_header                                       /Users/majid/repos/NTS-1_Binaries/Lyre-1-mkii/build/obj/header.o
                                                  /Users/majid/repos/NTS-1_Binaries/Lyre-1-mkii/build/obj/unit.o
unit_init                                         /Users/majid/repos/NTS-1_Binaries/Lyre-1-mkii/build/obj/unit.o
                                                  /Users/majid/repos/NTS-1_Binaries/Lyre-1-mkii/build/obj/_unit_base.o
unit_note_off                                     /Users/majid/repos/NTS-1_Binaries/Lyre-1-mkii/build/obj/unit.o
                                                  /Users/majid/repos/NTS-1_Binaries/Lyre-1-mkii/build/obj/_unit_base.o
unit_note_on                                      /Users/majid/repos/NTS-1_Binaries/Lyre-1-mkii/build/obj/unit.o
                                                  /Users/majid/repos/NTS-1_Binaries/Lyre-1-mkii/build/obj/_unit_base.o
unit_pitch_bend                                   /Users/majid/repos/NTS-1_Binaries/Lyre-1-mkii/build/obj/unit.o
                                                  /Users/majid/repos/NTS-1_Binaries/Lyre-1-mkii/build/obj/_unit_base.o
unit_render                                       /Users/majid/repos/NTS-1_Binaries/Lyre-1-mkii/build/obj/unit.o
                                                  /Users/majid/repos/NTS-1_Binaries/Lyre-1-mkii/build/obj/_unit_base.o
unit_reset                                        /Users/majid/repos/NTS-1_Binaries/Lyre-1-mkii/build/obj/unit.o
                                                  /Users/majid/repos/NTS-1_Binaries/Lyre-1-mkii/build/obj/_unit_base.o
unit_resume                                       /Users/majid/repos/NTS-1_Binaries/Lyre-1-mkii/build/obj/unit.o
                                                  /Users/majid/repos/NTS-1_Binaries/Lyre-1-mkii/build/obj/_unit_base.o
unit_set_param_value                              /Users/majid/repos/NTS-1_Binaries/Lyre-1-mkii/build/obj/unit.o
                                                  /Users/majid/repos/NTS-1_Binaries/Lyre-1-mkii/build/obj/_unit_base.o
unit_set_tempo                                    /Users/majid/repos/NTS-1_Binaries/Lyre-1-mkii/build/obj/unit.o
                                                  /Users/majid/repos/NTS-1_Binaries/Lyre-1-mkii/build/obj/_unit_base.o
unit_suspend                                      /Users/majid/repos/NTS-1_Binaries/Lyre-1-mkii/build/obj/unit.o
                                                  /Users/majid/repos/NTS-1_Binaries/Lyre-1-mkii/build/obj/_unit_base.o
unit_teardown                                     /Users/majid/repos/NTS-1_Binaries/Lyre-1-mkii/build/obj/unit.o
                                                  /Users/majid/repos/NTS-1_Binaries/Lyre-1-mkii/build/obj/_unit_base.o
unit_tempo_4ppqn_tick                             /Users/majid/repos/NTS-1_Binaries/Lyre-1-mkii/build/obj/unit.o
                                                  /Users/majid/repos/NTS-1_Binaries/Lyre-1-mkii/build/obj/_unit_base.o
wt_sine_lut_f                                     /Users/majid/repos/NTS-1_Binaries/Lyre-1-mkii/build/obj/Lyre.o
